Archive member included because of file (symbol)

c:/winavr/bin/../lib/gcc/avr/4.3.3/avr4\libgcc.a(_exit.o)
                              c:/winavr/bin/../lib/gcc/avr/4.3.3/../../../../avr/lib/avr4/crtm48.o (exit)
c:/winavr/bin/../lib/gcc/avr/4.3.3/avr4\libgcc.a(_copy_data.o)
                              summator.o (__do_copy_data)
c:/winavr/bin/../lib/gcc/avr/4.3.3/avr4\libgcc.a(_clear_bss.o)
                              Uart.o (__do_clear_bss)

Allocating common symbols
Common symbol       size              file

flag                0x1               Uart.o
flag_tim2           0x1               timer.o
crc                 0x2               Uart.o
Buf_ok              0x4               Uart.o
Buf_out             0x8               Uart.o
w_cont              0x1               Uart.o
Buf_in              0x8               Uart.o
ww                  0x1               Uart.o
tim1                0x2               isr0.o
rr                  0x1               Uart.o

Memory Configuration

Name             Origin             Length             Attributes
text             0x00000000         0x00002000         xr
data             0x00800060         0x0000ffa0         rw !x
eeprom           0x00810000         0x00010000         rw !x
fuse             0x00820000         0x00000400         rw !x
lock             0x00830000         0x00000400         rw !x
signature        0x00840000         0x00000400         rw !x
*default*        0x00000000         0xffffffff

Linker script and memory map

Address of section .data set to 0x800100
LOAD c:/winavr/bin/../lib/gcc/avr/4.3.3/../../../../avr/lib/avr4/crtm48.o
LOAD summator.o
LOAD init.o
LOAD Uart.o
LOAD crc.o
LOAD timer.o
LOAD isr0.o
LOAD c:/winavr/bin/../lib/gcc/avr/4.3.3/../../../../avr/lib/avr4\libm.a
LOAD c:/winavr/bin/../lib/gcc/avr/4.3.3/avr4\libgcc.a
LOAD c:/winavr/bin/../lib/gcc/avr/4.3.3/../../../../avr/lib/avr4\libc.a
LOAD c:/winavr/bin/../lib/gcc/avr/4.3.3/avr4\libgcc.a

.hash
 *(.hash)

.dynsym
 *(.dynsym)

.dynstr
 *(.dynstr)

.gnu.version
 *(.gnu.version)

.gnu.version_d
 *(.gnu.version_d)

.gnu.version_r
 *(.gnu.version_r)

.rel.init
 *(.rel.init)

.rela.init
 *(.rela.init)

.rel.text
 *(.rel.text)
 *(.rel.text.*)
 *(.rel.gnu.linkonce.t*)

.rela.text
 *(.rela.text)
 *(.rela.text.*)
 *(.rela.gnu.linkonce.t*)

.rel.fini
 *(.rel.fini)

.rela.fini
 *(.rela.fini)

.rel.rodata
 *(.rel.rodata)
 *(.rel.rodata.*)
 *(.rel.gnu.linkonce.r*)

.rela.rodata
 *(.rela.rodata)
 *(.rela.rodata.*)
 *(.rela.gnu.linkonce.r*)

.rel.data
 *(.rel.data)
 *(.rel.data.*)
 *(.rel.gnu.linkonce.d*)

.rela.data
 *(.rela.data)
 *(.rela.data.*)
 *(.rela.gnu.linkonce.d*)

.rel.ctors
 *(.rel.ctors)

.rela.ctors
 *(.rela.ctors)

.rel.dtors
 *(.rel.dtors)

.rela.dtors
 *(.rela.dtors)

.rel.got
 *(.rel.got)

.rela.got
 *(.rela.got)

.rel.bss
 *(.rel.bss)

.rela.bss
 *(.rela.bss)

.rel.plt
 *(.rel.plt)

.rela.plt
 *(.rela.plt)

.text           0x00000000      0x6ec
 *(.vectors)
 .vectors       0x00000000       0x34 c:/winavr/bin/../lib/gcc/avr/4.3.3/../../../../avr/lib/avr4/crtm48.o
                0x00000000                __vectors
                0x00000000                __vector_default
 *(.vectors)
 *(.progmem.gcc*)
 *(.progmem*)
                0x00000034                . = ALIGN (0x2)
                0x00000034                __trampolines_start = .
 *(.trampolines)
 .trampolines   0x00000034        0x0 linker stubs
 *(.trampolines*)
                0x00000034                __trampolines_end = .
 *(.jumptables)
 *(.jumptables*)
 *(.lowtext)
 *(.lowtext*)
                0x00000034                __ctors_start = .
 *(.ctors)
                0x00000034                __ctors_end = .
                0x00000034                __dtors_start = .
 *(.dtors)
                0x00000034                __dtors_end = .
 SORT(*)(.ctors)
 SORT(*)(.dtors)
 *(.init0)
 .init0         0x00000034        0x0 c:/winavr/bin/../lib/gcc/avr/4.3.3/../../../../avr/lib/avr4/crtm48.o
                0x00000034                __init
 *(.init0)
 *(.init1)
 *(.init1)
 *(.init2)
 .init2         0x00000034        0xc c:/winavr/bin/../lib/gcc/avr/4.3.3/../../../../avr/lib/avr4/crtm48.o
 *(.init2)
 *(.init3)
 *(.init3)
 *(.init4)
 .init4         0x00000040       0x16 c:/winavr/bin/../lib/gcc/avr/4.3.3/avr4\libgcc.a(_copy_data.o)
                0x00000040                __do_copy_data
 .init4         0x00000056       0x10 c:/winavr/bin/../lib/gcc/avr/4.3.3/avr4\libgcc.a(_clear_bss.o)
                0x00000056                __do_clear_bss
 *(.init4)
 *(.init5)
 *(.init5)
 *(.init6)
 *(.init6)
 *(.init7)
 *(.init7)
 *(.init8)
 *(.init8)
 *(.init9)
 .init9         0x00000066        0x4 c:/winavr/bin/../lib/gcc/avr/4.3.3/../../../../avr/lib/avr4/crtm48.o
 *(.init9)
 *(.text)
 .text          0x0000006a        0x2 c:/winavr/bin/../lib/gcc/avr/4.3.3/../../../../avr/lib/avr4/crtm48.o
                0x0000006a                __vector_22
                0x0000006a                __vector_24
                0x0000006a                __vector_12
                0x0000006a                __bad_interrupt
                0x0000006a                __vector_6
                0x0000006a                __vector_23
                0x0000006a                __vector_25
                0x0000006a                __vector_11
                0x0000006a                __vector_13
                0x0000006a                __vector_17
                0x0000006a                __vector_9
                0x0000006a                __vector_21
                0x0000006a                __vector_15
                0x0000006a                __vector_8
                0x0000006a                __vector_14
                0x0000006a                __vector_10
                0x0000006a                __vector_16
 .text          0x0000006c       0x76 summator.o
                0x0000006c                main
 .text          0x000000e2       0x86 init.o
                0x0000012a                Init_dat_r33
                0x000000e2                init_pr
 .text          0x00000168      0x1e8 Uart.o
                0x000002ac                __vector_19
                0x000001a8                Enable_RX
                0x00000198                Enable_TX
                0x00000168                Init_uart
                0x000001c0                __vector_18
                0x00000304                __vector_20
 .text          0x00000350       0x7a crc.o
                0x00000350                crc16_modbus1
                0x00000382                crc16_modbus
 .text          0x000003ca       0x60 timer.o
                0x000003ca                __vector_7
 .text          0x0000042a      0x2be isr0.o
                0x0000048c                __vector_1
                0x00000504                __vector_3
                0x000006ca                Enable_T2_StopInt
                0x00000634                __vector_5
                0x0000059a                __vector_4
                0x0000042a                __vector_2
 .text          0x000006e8        0x0 c:/winavr/bin/../lib/gcc/avr/4.3.3/avr4\libgcc.a(_exit.o)
 .text          0x000006e8        0x0 c:/winavr/bin/../lib/gcc/avr/4.3.3/avr4\libgcc.a(_copy_data.o)
 .text          0x000006e8        0x0 c:/winavr/bin/../lib/gcc/avr/4.3.3/avr4\libgcc.a(_clear_bss.o)
                0x000006e8                . = ALIGN (0x2)
 *(.text.*)
 .text.libgcc   0x000006e8        0x0 c:/winavr/bin/../lib/gcc/avr/4.3.3/avr4\libgcc.a(_exit.o)
 .text.libgcc   0x000006e8        0x0 c:/winavr/bin/../lib/gcc/avr/4.3.3/avr4\libgcc.a(_copy_data.o)
 .text.libgcc   0x000006e8        0x0 c:/winavr/bin/../lib/gcc/avr/4.3.3/avr4\libgcc.a(_clear_bss.o)
                0x000006e8                . = ALIGN (0x2)
 *(.fini9)
 .fini9         0x000006e8        0x0 c:/winavr/bin/../lib/gcc/avr/4.3.3/avr4\libgcc.a(_exit.o)
                0x000006e8                exit
                0x000006e8                _exit
 *(.fini9)
 *(.fini8)
 *(.fini8)
 *(.fini7)
 *(.fini7)
 *(.fini6)
 *(.fini6)
 *(.fini5)
 *(.fini5)
 *(.fini4)
 *(.fini4)
 *(.fini3)
 *(.fini3)
 *(.fini2)
 *(.fini2)
 *(.fini1)
 *(.fini1)
 *(.fini0)
 .fini0         0x000006e8        0x4 c:/winavr/bin/../lib/gcc/avr/4.3.3/avr4\libgcc.a(_exit.o)
 *(.fini0)
                0x000006ec                _etext = .

.data           0x00800100        0x6 load address 0x000006ec
                0x00800100                PROVIDE (__data_start, .)
 *(.data)
 .data          0x00800100        0x0 c:/winavr/bin/../lib/gcc/avr/4.3.3/../../../../avr/lib/avr4/crtm48.o
 .data          0x00800100        0x5 summator.o
                0x00800102                time_t
                0x00800101                time_d
                0x00800104                time_p
                0x00800100                code
 .data          0x00800105        0x0 init.o
 .data          0x00800105        0x0 Uart.o
 .data          0x00800105        0x0 crc.o
 .data          0x00800105        0x0 timer.o
 .data          0x00800105        0x0 isr0.o
 .data          0x00800105        0x0 c:/winavr/bin/../lib/gcc/avr/4.3.3/avr4\libgcc.a(_exit.o)
 .data          0x00800105        0x0 c:/winavr/bin/../lib/gcc/avr/4.3.3/avr4\libgcc.a(_copy_data.o)
 .data          0x00800105        0x0 c:/winavr/bin/../lib/gcc/avr/4.3.3/avr4\libgcc.a(_clear_bss.o)
 *(.data*)
 *(.rodata)
 *(.rodata*)
 *(.gnu.linkonce.d*)
                0x00800106                . = ALIGN (0x2)
 *fill*         0x00800105        0x1 00
                0x00800106                _edata = .
                0x00800106                PROVIDE (__data_end, .)

.bss            0x00800106       0x1d
                0x00800106                PROVIDE (__bss_start, .)
 *(.bss)
 .bss           0x00800106        0x0 c:/winavr/bin/../lib/gcc/avr/4.3.3/../../../../avr/lib/avr4/crtm48.o
 .bss           0x00800106        0x0 summator.o
 .bss           0x00800106        0x0 init.o
 .bss           0x00800106        0x0 Uart.o
 .bss           0x00800106        0x0 crc.o
 .bss           0x00800106        0x0 timer.o
 .bss           0x00800106        0x0 isr0.o
 .bss           0x00800106        0x0 c:/winavr/bin/../lib/gcc/avr/4.3.3/avr4\libgcc.a(_exit.o)
 .bss           0x00800106        0x0 c:/winavr/bin/../lib/gcc/avr/4.3.3/avr4\libgcc.a(_copy_data.o)
 .bss           0x00800106        0x0 c:/winavr/bin/../lib/gcc/avr/4.3.3/avr4\libgcc.a(_clear_bss.o)
 *(.bss*)
 *(COMMON)
 COMMON         0x00800106       0x1a Uart.o
                0x00800106                flag
                0x00800107                crc
                0x00800109                Buf_ok
                0x0080010d                Buf_out
                0x00800115                w_cont
                0x00800116                Buf_in
                0x0080011e                ww
                0x0080011f                rr
 COMMON         0x00800120        0x1 timer.o
                0x00800120                flag_tim2
 COMMON         0x00800121        0x2 isr0.o
                0x00800121                tim1
                0x00800123                PROVIDE (__bss_end, .)
                0x000006ec                __data_load_start = LOADADDR (.data)
                0x000006f2                __data_load_end = (__data_load_start + SIZEOF (.data))

.noinit         0x00800123        0x0
                0x00800123                PROVIDE (__noinit_start, .)
 *(.noinit*)
                0x00800123                PROVIDE (__noinit_end, .)
                0x00800123                _end = .
                0x00800123                PROVIDE (__heap_start, .)

.eeprom         0x00810000        0x0
 *(.eeprom*)
                0x00810000                __eeprom_end = .

.fuse
 *(.fuse)
 *(.lfuse)
 *(.hfuse)
 *(.efuse)

.lock
 *(.lock*)

.signature
 *(.signature*)

.stab
 *(.stab)

.stabstr
 *(.stabstr)

.stab.excl
 *(.stab.excl)

.stab.exclstr
 *(.stab.exclstr)

.stab.index
 *(.stab.index)

.stab.indexstr
 *(.stab.indexstr)

.comment
 *(.comment)

.debug
 *(.debug)

.line
 *(.line)

.debug_srcinfo
 *(.debug_srcinfo)

.debug_sfnames
 *(.debug_sfnames)

.debug_aranges  0x00000000       0xc0
 *(.debug_aranges)
 .debug_aranges
                0x00000000       0x20 summator.o
 .debug_aranges
                0x00000020       0x20 init.o
 .debug_aranges
                0x00000040       0x20 Uart.o
 .debug_aranges
                0x00000060       0x20 crc.o
 .debug_aranges
                0x00000080       0x20 timer.o
 .debug_aranges
                0x000000a0       0x20 isr0.o

.debug_pubnames
                0x00000000      0x21f
 *(.debug_pubnames)
 .debug_pubnames
                0x00000000       0x45 summator.o
 .debug_pubnames
                0x00000045       0x2f init.o
 .debug_pubnames
                0x00000074       0xb8 Uart.o
 .debug_pubnames
                0x0000012c       0x35 crc.o
 .debug_pubnames
                0x00000161       0x2f timer.o
 .debug_pubnames
                0x00000190       0x8f isr0.o

.debug_info     0x00000000      0x871
 *(.debug_info)
 .debug_info    0x00000000      0x142 summator.o
 .debug_info    0x00000142       0xd6 init.o
 .debug_info    0x00000218      0x242 Uart.o
 .debug_info    0x0000045a      0x168 crc.o
 .debug_info    0x000005c2       0xb5 timer.o
 .debug_info    0x00000677      0x1fa isr0.o
 *(.gnu.linkonce.wi.*)

.debug_abbrev   0x00000000      0x479
 *(.debug_abbrev)
 .debug_abbrev  0x00000000       0xa7 summator.o
 .debug_abbrev  0x000000a7       0x7b init.o
 .debug_abbrev  0x00000122      0x10c Uart.o
 .debug_abbrev  0x0000022e       0xc9 crc.o
 .debug_abbrev  0x000002f7       0x93 timer.o
 .debug_abbrev  0x0000038a       0xef isr0.o

.debug_line     0x00000000      0x826
 *(.debug_line)
 .debug_line    0x00000000       0xfe summator.o
 .debug_line    0x000000fe      0x158 init.o
 .debug_line    0x00000256      0x1c0 Uart.o
 .debug_line    0x00000416       0xcf crc.o
 .debug_line    0x000004e5       0x81 timer.o
 .debug_line    0x00000566      0x2c0 isr0.o

.debug_frame    0x00000000      0x180
 *(.debug_frame)
 .debug_frame   0x00000000       0x20 summator.o
 .debug_frame   0x00000020       0x30 init.o
 .debug_frame   0x00000050       0x70 Uart.o
 .debug_frame   0x000000c0       0x30 crc.o
 .debug_frame   0x000000f0       0x20 timer.o
 .debug_frame   0x00000110       0x70 isr0.o

.debug_str      0x00000000      0x1b9
 *(.debug_str)
 .debug_str     0x00000000       0xa3 summator.o
                                 0xd7 (size before relaxing)
 .debug_str     0x000000a3       0x23 init.o
                                 0xbd (size before relaxing)
 .debug_str     0x000000c6       0x5b Uart.o
                                0x10f (size before relaxing)
 .debug_str     0x00000121       0x26 crc.o
                                 0xb3 (size before relaxing)
 .debug_str     0x00000147       0x1d timer.o
                                 0xaf (size before relaxing)
 .debug_str     0x00000164       0x55 isr0.o
                                0x101 (size before relaxing)

.debug_loc      0x00000000      0x143
 *(.debug_loc)
 .debug_loc     0x00000000       0xe9 crc.o
 .debug_loc     0x000000e9       0x5a isr0.o

.debug_macinfo
 *(.debug_macinfo)
OUTPUT(summator.elf elf32-avr)
LOAD linker stubs

Cross Reference Table

Symbol                                            File
Buf_in                                            Uart.o
Buf_ok                                            Uart.o
                                                  summator.o
Buf_out                                           isr0.o
                                                  Uart.o
                                                  init.o
                                                  summator.o
Enable_RX                                         Uart.o
                                                  summator.o
Enable_T2_StopInt                                 isr0.o
Enable_TX                                         Uart.o
                                                  isr0.o
Init_dat_r33                                      init.o
                                                  timer.o
                                                  summator.o
Init_uart                                         Uart.o
                                                  summator.o
__bad_interrupt                                   c:/winavr/bin/../lib/gcc/avr/4.3.3/../../../../avr/lib/avr4/crtm48.o
__bss_end                                         c:/winavr/bin/../lib/gcc/avr/4.3.3/avr4\libgcc.a(_clear_bss.o)
__bss_start                                       c:/winavr/bin/../lib/gcc/avr/4.3.3/avr4\libgcc.a(_clear_bss.o)
__data_end                                        c:/winavr/bin/../lib/gcc/avr/4.3.3/avr4\libgcc.a(_copy_data.o)
__data_load_start                                 c:/winavr/bin/../lib/gcc/avr/4.3.3/avr4\libgcc.a(_copy_data.o)
__data_start                                      c:/winavr/bin/../lib/gcc/avr/4.3.3/avr4\libgcc.a(_copy_data.o)
__do_clear_bss                                    c:/winavr/bin/../lib/gcc/avr/4.3.3/avr4\libgcc.a(_clear_bss.o)
                                                  isr0.o
                                                  timer.o
                                                  Uart.o
__do_copy_data                                    c:/winavr/bin/../lib/gcc/avr/4.3.3/avr4\libgcc.a(_copy_data.o)
                                                  summator.o
__heap_end                                        c:/winavr/bin/../lib/gcc/avr/4.3.3/../../../../avr/lib/avr4/crtm48.o
__init                                            c:/winavr/bin/../lib/gcc/avr/4.3.3/../../../../avr/lib/avr4/crtm48.o
__stack                                           c:/winavr/bin/../lib/gcc/avr/4.3.3/../../../../avr/lib/avr4/crtm48.o
__vector_1                                        isr0.o
                                                  c:/winavr/bin/../lib/gcc/avr/4.3.3/../../../../avr/lib/avr4/crtm48.o
__vector_10                                       c:/winavr/bin/../lib/gcc/avr/4.3.3/../../../../avr/lib/avr4/crtm48.o
__vector_11                                       c:/winavr/bin/../lib/gcc/avr/4.3.3/../../../../avr/lib/avr4/crtm48.o
__vector_12                                       c:/winavr/bin/../lib/gcc/avr/4.3.3/../../../../avr/lib/avr4/crtm48.o
__vector_13                                       c:/winavr/bin/../lib/gcc/avr/4.3.3/../../../../avr/lib/avr4/crtm48.o
__vector_14                                       c:/winavr/bin/../lib/gcc/avr/4.3.3/../../../../avr/lib/avr4/crtm48.o
__vector_15                                       c:/winavr/bin/../lib/gcc/avr/4.3.3/../../../../avr/lib/avr4/crtm48.o
__vector_16                                       c:/winavr/bin/../lib/gcc/avr/4.3.3/../../../../avr/lib/avr4/crtm48.o
__vector_17                                       c:/winavr/bin/../lib/gcc/avr/4.3.3/../../../../avr/lib/avr4/crtm48.o
__vector_18                                       Uart.o
                                                  c:/winavr/bin/../lib/gcc/avr/4.3.3/../../../../avr/lib/avr4/crtm48.o
__vector_19                                       Uart.o
                                                  c:/winavr/bin/../lib/gcc/avr/4.3.3/../../../../avr/lib/avr4/crtm48.o
__vector_2                                        isr0.o
                                                  c:/winavr/bin/../lib/gcc/avr/4.3.3/../../../../avr/lib/avr4/crtm48.o
__vector_20                                       Uart.o
                                                  c:/winavr/bin/../lib/gcc/avr/4.3.3/../../../../avr/lib/avr4/crtm48.o
__vector_21                                       c:/winavr/bin/../lib/gcc/avr/4.3.3/../../../../avr/lib/avr4/crtm48.o
__vector_22                                       c:/winavr/bin/../lib/gcc/avr/4.3.3/../../../../avr/lib/avr4/crtm48.o
__vector_23                                       c:/winavr/bin/../lib/gcc/avr/4.3.3/../../../../avr/lib/avr4/crtm48.o
__vector_24                                       c:/winavr/bin/../lib/gcc/avr/4.3.3/../../../../avr/lib/avr4/crtm48.o
__vector_25                                       c:/winavr/bin/../lib/gcc/avr/4.3.3/../../../../avr/lib/avr4/crtm48.o
__vector_3                                        isr0.o
                                                  c:/winavr/bin/../lib/gcc/avr/4.3.3/../../../../avr/lib/avr4/crtm48.o
__vector_4                                        isr0.o
                                                  c:/winavr/bin/../lib/gcc/avr/4.3.3/../../../../avr/lib/avr4/crtm48.o
__vector_5                                        isr0.o
                                                  c:/winavr/bin/../lib/gcc/avr/4.3.3/../../../../avr/lib/avr4/crtm48.o
__vector_6                                        c:/winavr/bin/../lib/gcc/avr/4.3.3/../../../../avr/lib/avr4/crtm48.o
__vector_7                                        timer.o
                                                  c:/winavr/bin/../lib/gcc/avr/4.3.3/../../../../avr/lib/avr4/crtm48.o
__vector_8                                        c:/winavr/bin/../lib/gcc/avr/4.3.3/../../../../avr/lib/avr4/crtm48.o
__vector_9                                        c:/winavr/bin/../lib/gcc/avr/4.3.3/../../../../avr/lib/avr4/crtm48.o
__vector_default                                  c:/winavr/bin/../lib/gcc/avr/4.3.3/../../../../avr/lib/avr4/crtm48.o
__vectors                                         c:/winavr/bin/../lib/gcc/avr/4.3.3/../../../../avr/lib/avr4/crtm48.o
_exit                                             c:/winavr/bin/../lib/gcc/avr/4.3.3/avr4\libgcc.a(_exit.o)
code                                              summator.o
                                                  isr0.o
                                                  timer.o
                                                  init.o
crc                                               isr0.o
                                                  Uart.o
crc16_modbus                                      crc.o
crc16_modbus1                                     crc.o
                                                  Uart.o
exit                                              c:/winavr/bin/../lib/gcc/avr/4.3.3/avr4\libgcc.a(_exit.o)
                                                  c:/winavr/bin/../lib/gcc/avr/4.3.3/../../../../avr/lib/avr4/crtm48.o
flag                                              Uart.o
                                                  summator.o
flag_tim2                                         timer.o
init_pr                                           init.o
                                                  summator.o
main                                              summator.o
                                                  c:/winavr/bin/../lib/gcc/avr/4.3.3/../../../../avr/lib/avr4/crtm48.o
rr                                                Uart.o
tim1                                              isr0.o
time_d                                            summator.o
time_p                                            summator.o
time_t                                            summator.o
w_cont                                            isr0.o
                                                  Uart.o
                                                  init.o
ww                                                Uart.o
